// Jest Snapshot v1, https://goo.gl/fbAQLP

exports[`Test on GnomeCard GnomeCard must be rendered correctly 1`] = `
<ForwardRef(MotionComponent)
  animate="visible"
  initial="hidden"
  variants={
    Object {
      "hidden": Object {
        "opacity": 0,
      },
      "visible": Object {
        "opacity": 1,
        "transition": Object {
          "delay": 0.15,
        },
      },
    }
  }
>
  <Link
    to={
      Object {
        "pathname": "/",
        "search": "?name=Unknown",
      }
    }
  >
    <div
      className="gnome-card--wrapper"
    >
      <div
        className="gnome-card--image-wrapper"
      >
        <t
          afterLoad={[Function]}
          alt="Unknown"
          beforeLoad={[Function]}
          delayMethod="throttle"
          delayTime={300}
          effect=""
          height={168}
          placeholderSrc={null}
          threshold={100}
          title="Unknown"
          useIntersectionObserver={true}
          visibleByDefault={false}
          width="100%"
          wrapperClassName=""
        />
      </div>
      <div
        className="gnome-card--title"
      >
        <p>
          Unknown
        </p>
      </div>
    </div>
  </Link>
</ForwardRef(MotionComponent)>
`;
