// Jest Snapshot v1, https://goo.gl/fbAQLP

exports[`Tests in <ResetFiltersBadge /> <ResetFiltersBadge /> must be rendered correctly 1`] = `
<Link
  to={
    Object {
      "pathname": "/",
      "search": "",
    }
  }
>
  <Badge
    pill={true}
    variant="light"
  >
    Reset filters
  </Badge>
</Link>
`;
